// Jest Snapshot v1, https://goo.gl/fbAQLP

exports[`R.replace('{name}', R.__, 'Hello, {name}!') 1`] = `"(replacement: string) => string"`;

exports[`R.replace('{name}', R.__, 'Hello, {name}!') 2`] = `"(replacement: string) => string"`;

exports[`R.replace(R.__, 'David', 'Hello, {name}!') 1`] = `"(pattern: string | RegExp) => string"`;

exports[`R.replace(R.__, R.__, 'Hello, {name}!') 1`] = `
"{
  (_pattern: Placeholder, replacement: string): (pattern: string | RegExp) => string;
  (pattern: string | RegExp, replacement: string): string;
  <X extends \\"11\\">(): (pattern: string | RegExp, replacement: string) => string;
  <X extends \\"01\\">(): (_pattern: Placeholder, replacement: string) => (pattern: string | RegExp) => string;
  <X extends \\"1\\">(): (pattern: string | RegExp) => (replacement: string) => string;
  (pattern: string | RegExp): (replacement: string) => string;
}"
`;
