// Jest Snapshot v1, https://goo.gl/fbAQLP

exports[`R.compose(limit10, double) 1`] = `"(x0: number) => boolean"`;

exports[`R.compose(limit10, double)(10) 1`] = `"boolean"`;

exports[`f0(3, 4) 1`] = `"number"`;

exports[`f1(3, 4) 1`] = `"number"`;

exports[`f2(3, 4) 1`] = `"number"`;

exports[`f3(3, 4) 1`] = `"number"`;

exports[`f4(3, 4) 1`] = `"number"`;

exports[`f5(3, 4) 1`] = `"number"`;

exports[`gn('Hello', 4, 'world') 1`] = `"number"`;
