// Jest Snapshot v1, https://goo.gl/fbAQLP

exports[`R_findIndex(string_predicate) 1`] = `"<T$1 extends string = string>(list: T$1[] | ArrayLike<T$1>) => number"`;

exports[`R_findIndex(string_predicate)(string_array) 1`] = `"number"`;

exports[`R_findIndex(string_predicate, string_array) 1`] = `"number"`;
