// Jest Snapshot v1, https://goo.gl/fbAQLP

exports[`R.flip(mergeThree)('str', 2, 3) 1`] = `"Argument of type '3' is not assignable to parameter of type 'boolean'."`;

exports[`R.flip(mergeThree)('str', 2, false) 1`] = `"(string | number | boolean)[]"`;

exports[`R.flip(mergeThree)(1, 2, 3) 1`] = `"Argument of type '1' is not assignable to parameter of type 'string'."`;
