// Jest Snapshot v1, https://goo.gl/fbAQLP

exports[`hasName({}) 1`] = `"boolean"`;

exports[`hasName({name: 'alice'}) 1`] = `"boolean"`;

exports[`hasName({name: 'bob'}) 1`] = `"boolean"`;

exports[`pointHas('x') 1`] = `"boolean"`;

exports[`pointHas('y') 1`] = `"boolean"`;

exports[`pointHas('z') 1`] = `"boolean"`;
