// Jest Snapshot v1, https://goo.gl/fbAQLP

exports[`R_insertAll(number)(string_array)(object_array) 1`] = `
"Argument of type 'object[]' is not assignable to parameter of type 'List<string>'.
  Type 'object[]' is not assignable to type 'ArrayLike<string>'."
`;

exports[`R_insertAll(number)(string_array)(string_array) 1`] = `"string[]"`;

exports[`R_insertAll(number, string_array) 1`] = `"<T$1 extends string = string>(list: T$1[] | ArrayLike<T$1>) => T$1[]"`;

exports[`R_insertAll(number, string_array, object_array) 1`] = `
"Argument of type 'object[]' is not assignable to parameter of type 'List<string>'.
  Type 'object[]' is not assignable to type 'ArrayLike<string>'.
    Index signatures are incompatible.
      Type 'object' is not assignable to type 'string'."
`;

exports[`R_insertAll(number, string_array, string_array) 1`] = `"string[]"`;
