// Jest Snapshot v1, https://goo.gl/fbAQLP

exports[`R.insertAll(2)([10,11,12])([1,2,3,4]) 1`] = `"number[]"`;

exports[`R.insertAll(2)([10,11,12], [1,2,3,4]) 1`] = `"number[]"`;

exports[`R.insertAll(2, [10,11,12])([1,2,3,4]) 1`] = `"number[]"`;

exports[`R.insertAll(2, [10,11,12], [1,2,3,4]) 1`] = `"number[]"`;
