// Jest Snapshot v1, https://goo.gl/fbAQLP

exports[`R.is(Number)({}) 1`] = `"boolean"`;

exports[`R.is(Number)(1) 1`] = `"boolean"`;

exports[`R.is(Number, {}) 1`] = `"boolean"`;

exports[`R.is(Number, 1) 1`] = `"boolean"`;

exports[`R.is(Object)('s') 1`] = `"boolean"`;

exports[`R.is(Object)({}) 1`] = `"boolean"`;

exports[`R.is(Object)(1) 1`] = `"boolean"`;

exports[`R.is(Object)(new Object()) 1`] = `"boolean"`;

exports[`R.is(Object, 's') 1`] = `"boolean"`;

exports[`R.is(Object, {}) 1`] = `"boolean"`;

exports[`R.is(Object, 1) 1`] = `"boolean"`;

exports[`R.is(Object, new Object()) 1`] = `"boolean"`;

exports[`R.is(String)('') 1`] = `"boolean"`;

exports[`R.is(String)('s') 1`] = `"boolean"`;

exports[`R.is(String, '') 1`] = `"boolean"`;

exports[`R.is(String, 's') 1`] = `"boolean"`;
