// Jest Snapshot v1, https://goo.gl/fbAQLP

exports[`R_lens(object_to_string) 1`] = `"(setter: (focus: string, target: object) => object) => Lens<string, object>"`;

exports[`R_lens(object_to_string)(string_object_to_object) 1`] = `"Lens<string, object>"`;

exports[`R_lens(object_to_string, string_object_to_object) 1`] = `"Lens<string, object>"`;
