// Jest Snapshot v1, https://goo.gl/fbAQLP

exports[`map((x: string) => +x)(['1', '2']) 1`] = `"number[]"`;

exports[`map((x: string) => +x)({a: '1', b: '2'}) 1`] = `"Record<\\"a\\" | \\"b\\", number>"`;

exports[`map((x: string) => +x)(string_functor) 1`] = `"Functor<number>"`;

exports[`map((x: string) => +x, ['1', '2']) 1`] = `"number[]"`;

exports[`map((x: string) => +x, {a: '1', b: '2'}) 1`] = `"Record<\\"a\\" | \\"b\\", number>"`;

exports[`map((x: string) => +x, string_functor) 1`] = `"Functor<number>"`;
