// Jest Snapshot v1, https://goo.gl/fbAQLP

exports[`R_mergeDeepWithKey(string_string_string_to_number, a_1) 1`] = `"<T>(right: object) => T"`;

exports[`R_mergeDeepWithKey(string_string_string_to_number, a_1)(b_2) 1`] = `"{}"`;

exports[`R_mergeDeepWithKey(string_string_string_to_number, a_1)<{a: 1, b: 2}>(b_2) 1`] = `"{ a: 1; b: 2; }"`;

exports[`R_mergeDeepWithKey(string_string_string_to_number, a_1, b_2) 1`] = `"{}"`;

exports[`R_mergeDeepWithKey<any, {a: 1, b: 2}>(string_string_string_to_number, a_1, b_2) 1`] = `"{ a: 1; b: 2; }"`;
