// Jest Snapshot v1, https://goo.gl/fbAQLP

exports[`R_path(path) 1`] = `"<R>(object: any) => R"`;

exports[`R_path(path)(object) 1`] = `"{}"`;

exports[`R_path(path)<number>(object) 1`] = `"number"`;

exports[`R_path(path, object) 1`] = `"{}"`;

exports[`R_path<number>(path, object) 1`] = `"number"`;
