// Jest Snapshot v1, https://goo.gl/fbAQLP

exports[`R.pathSatisfies((a: any) => a !== 1, ['a', 'b', 'c'], {a: {b: {c: 2}}}) 1`] = `"boolean"`;

exports[`R.pathSatisfies((a: any) => a === 'bar', ['a', 'b', 'c'], {a: {b: {c: 'foo'}}}) 1`] = `"boolean"`;

exports[`R.pathSatisfies((a: any) => a === 'foo', ['a', 'b', 'c'], {a: {b: {c: 'foo'}}}) 1`] = `"boolean"`;

exports[`R.pathSatisfies((a: any) => a === 1)(['a', 'b', 'c'])({a: {b: {c: 1}}}) 1`] = `"boolean"`;

exports[`R.pathSatisfies((a: any) => a === 1)(['a', 'b', 'c'], {a: {b: {c: 1}}}) 1`] = `"boolean"`;

exports[`R.pathSatisfies((a: any) => a === 1, ['a', 'b', 'c'])({a: {b: {c: 1}}}) 1`] = `"boolean"`;

exports[`R.pathSatisfies((a: any) => a === 1, ['a', 'b', 'c'], {a: {b: {c: 1}}}) 1`] = `"boolean"`;
