// Jest Snapshot v1, https://goo.gl/fbAQLP

exports[`R_pickAll([string])(object) 1`] = `"object"`;

exports[`R_pickAll([string])<Record<string, string>>(object) 1`] = `"Record<string, string>"`;

exports[`R_pickAll([string], object) 1`] = `"object"`;

exports[`R_pickAll<Record<string, string>>([string], object) 1`] = `"Record<string, string>"`;
