// Jest Snapshot v1, https://goo.gl/fbAQLP

exports[`R.propIs(Number)('x')({x: 1, y: 2}) 1`] = `"boolean"`;

exports[`R.propIs(Number)('x', {x: 1, y: 2}) 1`] = `"boolean"`;

exports[`R.propIs(Number, 'x')({x: 1, y: 2}) 1`] = `"boolean"`;

exports[`R.propIs(Number, 'x', {x: 'foo'}) 1`] = `"boolean"`;

exports[`R.propIs(Number, 'x', {x: 1, y: 2}) 1`] = `"boolean"`;

exports[`R.propIs<'111', 'Record'>()(Number, 'x', {}) 1`] = `
"Argument of type '{}' is not assignable to parameter of type 'Record<\\"x\\", {}>'.
  Property 'x' is missing in type '{}'."
`;
