// Jest Snapshot v1, https://goo.gl/fbAQLP

exports[`R.propEq('a', '1', xs) 1`] = `"boolean"`;

exports[`R.propEq('a', '1', xs) 2`] = `"boolean"`;

exports[`R.propEq('a', '4', xs) 1`] = `"boolean"`;

exports[`R.propEq('a', '4', xs) 2`] = `"boolean"`;

exports[`R.propEq('a', 1, xs) 1`] = `"boolean"`;

exports[`R.propEq('a', 1, xs) 2`] = `"boolean"`;

exports[`R.propEq('a', 1, xs) 3`] = `"boolean"`;

exports[`R.propEq('a', 4, xs) 1`] = `"boolean"`;

exports[`R.propEq('a', 4, xs) 2`] = `"boolean"`;

exports[`R.propEq('a', 4, xs) 3`] = `"boolean"`;
