// Jest Snapshot v1, https://goo.gl/fbAQLP

exports[`R_sequence(any_applicative.of, [any_applicative]) 1`] = `"Applicative<any[]>"`;

exports[`R_sequence(any_applicative.of, any_applicative_traverable) 1`] = `"Applicative<Traversable<any>>"`;

exports[`R_sequence(number_applicative.of, [number_applicative]) 1`] = `"Applicative<number[]>"`;

exports[`R_sequence(number_applicative.of, any_applicative_traverable) 1`] = `"Applicative<Traversable<any>>"`;

exports[`R_sequence<number>(any_applicative.of, [any_applicative]) 1`] = `"Applicative<number[]>"`;

exports[`R_sequence<number>(any_applicative.of, any_applicative_traverable) 1`] = `"Applicative<Traversable<number>>"`;
