// Jest Snapshot v1, https://goo.gl/fbAQLP

exports[`R_sortBy(object_to_number) 1`] = `"<T$1 extends object = object>(list: List<T$1>) => T$1[]"`;

exports[`R_sortBy(object_to_number)(object_list) 1`] = `"object[]"`;

exports[`R_sortBy(object_to_number, object_list) 1`] = `"object[]"`;

exports[`R_sortBy(string_to_number) 1`] = `"<T$1 extends string = string>(list: List<T$1>) => T$1[]"`;

exports[`R_sortBy(string_to_number)(string) 1`] = `"string[]"`;

exports[`R_sortBy(string_to_number, string) 1`] = `"string[]"`;
