// Jest Snapshot v1, https://goo.gl/fbAQLP

exports[`R_splitWhen(object_to_boolean) 1`] = `"<T$1 extends object = object>(list: List<T$1>) => T$1[][]"`;

exports[`R_splitWhen(object_to_boolean)(object_list) 1`] = `"object[][]"`;

exports[`R_splitWhen(object_to_boolean, object_list) 1`] = `"object[][]"`;

exports[`R_splitWhen(string_to_boolean) 1`] = `"<T$1 extends string = string>(list: List<T$1>) => T$1[][]"`;

exports[`R_splitWhen(string_to_boolean)(string) 1`] = `"string[][]"`;

exports[`R_splitWhen(string_to_boolean, string) 1`] = `"string[][]"`;
