// Jest Snapshot v1, https://goo.gl/fbAQLP

exports[`R.toString('abc') 1`] = `"string"`;

exports[`R.toString([1, 2, 3]) 1`] = `"string"`;

exports[`R.toString({foo: 1, bar: 2, baz: 3}) 1`] = `"string"`;

exports[`R.toString(42) 1`] = `"string"`;

exports[`R.toString(new Date('2001-02-03T04: 05: 06Z')) 1`] = `"string"`;

exports[`R.toString(new Point(1, 2)) 1`] = `"string"`;
