// Jest Snapshot v1, https://goo.gl/fbAQLP

exports[`R.type('s') 1`] = `"string"`;

exports[`R.type(/[A-z]/) 1`] = `"string"`;

exports[`R.type([]) 1`] = `"string"`;

exports[`R.type({}) 1`] = `"string"`;

exports[`R.type(1) 1`] = `"string"`;

exports[`R.type(false) 1`] = `"string"`;

exports[`R.type(null) 1`] = `"string"`;
