// Jest Snapshot v1, https://goo.gl/fbAQLP

exports[`addTwoNumbersCurried 1`] = `"R.CurriedFunction2<number, number, number>"`;

exports[`addTwoNumbersCurried(2, 3) 1`] = `"number"`;

exports[`curriedFourNumbers 1`] = `"R.CurriedFunction4<number, number, number, number, number>"`;

exports[`curriedFourNumbers(1) 1`] = `"R.CurriedFunction3<number, number, number, number>"`;

exports[`curriedFourNumbers(1)(2) 1`] = `"R.CurriedFunction2<number, number, number>"`;

exports[`curriedFourNumbers(1)(2)(3)(4) 1`] = `"number"`;

exports[`curriedFourNumbers(1, 2)(3, 4) 1`] = `"number"`;

exports[`curriedFourNumbers(1, 2, 3)(4) 1`] = `"number"`;

exports[`inc(2) 1`] = `"number"`;
