// Jest Snapshot v1, https://goo.gl/fbAQLP

exports[`R_uniqBy(number_to_object) 1`] = `"<T$1 extends number = number>(list: T$1[] | ArrayLike<T$1>) => T$1[]"`;

exports[`R_uniqBy(number_to_object)(number_array) 1`] = `"number[]"`;

exports[`R_uniqBy(number_to_object, number_array) 1`] = `"number[]"`;

exports[`R_uniqBy(string_to_any) 1`] = `"<T$1 extends string = string>(list: T$1[] | ArrayLike<T$1>) => T$1[]"`;

exports[`R_uniqBy(string_to_any)(string_array) 1`] = `"string[]"`;

exports[`R_uniqBy(string_to_any, string_array) 1`] = `"string[]"`;
