// Jest Snapshot v1, https://goo.gl/fbAQLP

exports[`R_update(number)(boolean)(string_array) 1`] = `
"Argument of type 'string[]' is not assignable to parameter of type 'List<boolean>'.
  Type 'string[]' is not assignable to type 'ArrayLike<boolean>'.
    Index signatures are incompatible.
      Type 'string' is not assignable to type 'boolean'."
`;

exports[`R_update(number)(string)(string_array) 1`] = `"string[]"`;

exports[`R_update(number, boolean) 1`] = `"(list: boolean[] | ArrayLike<boolean>) => boolean[]"`;

exports[`R_update(number, boolean, string_array) 1`] = `
"Argument of type 'string[]' is not assignable to parameter of type 'List<boolean>'.
  Type 'string[]' is not assignable to type 'ArrayLike<boolean>'."
`;

exports[`R_update(number, string, string_array) 1`] = `"string[]"`;
