// Jest Snapshot v1, https://goo.gl/fbAQLP

exports[`R_useWith(any_args_to_object) 1`] = `"(fns: never[]) => () => object"`;

exports[`R_useWith(string_number_boolean_to_object) 1`] = `"<T1, T2, T3, U1$1 extends string = string, U2$1 extends number = number, U3$1 extends boolean = boolean>(fns: [(value: T1) => U1$1, (value: T2) => U2$1, (value: T3) => U3$1]) => CurriedFunction3<T1, T2, T3, object>"`;

exports[`R_useWith(string_number_boolean_to_object)([
      number_to_string,
      symbol_to_number,
      number_to_boolean,
    ]) 1`] = `"CurriedFunction3<number, symbol, number, object>"`;

exports[`R_useWith(string_number_boolean_to_object, [
      number_to_string,
      symbol_to_number,
      number_to_boolean,
    ]) 1`] = `"CurriedFunction3<number, symbol, number, object>"`;

exports[`R_useWith<'1', '2arity'>()(any_args_to_object) 1`] = `"<T1, T2, U1$1 extends any = any, U2$1 extends any = any>(fns: [(value: T1) => U1$1, (value: T2) => U2$1]) => CurriedFunction2<T1, T2, object>"`;

exports[`R_useWith<'1', 'variadic'>()(any_args_to_object) 1`] = `"(fns: Function[]) => (...args: any[]) => object"`;
