// Jest Snapshot v1, https://goo.gl/fbAQLP

exports[`R_whereEq(number_dictionary) 1`] = `"<T$1 extends number = number>(object: Dictionary<T$1>) => boolean"`;

exports[`R_whereEq(number_dictionary)(a_1_b_2_c_3) 1`] = `"boolean"`;

exports[`R_whereEq(number_dictionary, a_1_b_2_c_3) 1`] = `"boolean"`;
