// Jest Snapshot v1, https://goo.gl/fbAQLP

exports[`R_zipWith(number_string_to_object)(number_array)(string_array) 1`] = `"object[]"`;

exports[`R_zipWith(number_string_to_object, number_array) 1`] = `"<U$1 extends string = string>(b: U$1[] | ArrayLike<U$1>) => object[]"`;

exports[`R_zipWith(number_string_to_object, number_array, string_array) 1`] = `"object[]"`;
